
> MSBUILD : error MSB1003: Specify a project or solution file. The current working directory does 
not contain a project or solution file.


